.next/types/validator.ts(134,39): error TS2307: Cannot find module '../../app/api/ai/doc/route.js' or its corresponding type declarations.
